// Jest Snapshot v1, https://goo.gl/fbAQLP

exports[`snapshot 1`] = `
<div>
  <div>
    <form
      class="container login"
    >
      <div
        class="form-group"
      >
        <input
          class="form-control"
          data-testid="username"
          name="username"
          placeholder="Username..."
        />
      </div>
      <div
        class="form-group"
      >
        <input
          class="form-control"
          data-testid="password"
          name="password"
          placeholder="Password..."
          type="password"
        />
      </div>
      <button
        class="btn btn-primary"
        type="submit"
      >
        Submit
      </button>
    </form>
  </div>
</div>
`;
